
> tailorapp@0.1.0 build
> next build

node.exe : ΓÜá 
Warning: Next.js 
inferred your 
workspace root, but 
it may not be correct.
At line:1 char:1
+ & "C:\Program Files\
nodejs/node.exe" 
"C:\Program 
Files\nodejs/node_mo 
...
+ ~~~~~~~~~~~~~~~~~~~~
~~~~~~~~~~~~~~~~~~~~~~
~~~~~~~~~~~~~~~~~~~~~~
~~~~~
    + CategoryInfo    
          : NotSpeci  
  fied: (ΓÜá Warnin   
 g: Ne...not be co    
rrect.:String) []    
, RemoteException
    + FullyQualifiedE 
   rrorId : NativeCo  
  mmandError
 
 We detected multiple 
lockfiles and 
selected the 
directory of C:\Users\
mmaah\package-lock.jso
n as the root 
directory.
 To silence this 
warning, set 
`turbopack.root` in 
your Next.js config, 
or consider removing 
one of the lockfiles 
if it's not needed.
   See https://nextjs.
org/docs/app/api-refer
ence/config/next-confi
g-js/turbopack#root-di
rectory for more 
information.
 Detected additional 
lockfiles: 
   * C:\Users\mmaah\Do
wnloads\tailorapp\pack
age-lock.json

Γû▓ Next.js 16.1.6 (Turbopack)
- Environments: .env

  Creating an optimized production build ...
Γ£ô Compiled successfully in 75s
  Running TypeScript ...
  Collecting page data using 3 workers ...
  Generating static pages using 3 workers (0/29) ...
  Generating static pages using 3 workers (7/29) 
  Generating static pages using 3 workers (14/29) 
  Generating static pages using 3 workers (21/29) 
Γ£ô Generating static pages using 3 workers (29/29) in 16.7s
  Finalizing page optimization ...

Route (app)
Γöî Γùï /
Γö£ Γùï /_not-found
Γö£ ╞Æ /api/account-categories
Γö£ ╞Æ /api/auth/[...nextauth]
Γö£ ╞Æ /api/banks
Γö£ ╞Æ /api/bookings
Γö£ ╞Æ /api/cash
Γö£ ╞Æ /api/categories
Γö£ ╞Æ /api/customers
Γö£ ╞Æ /api/customers/[id]
Γö£ ╞Æ /api/employees
Γö£ ╞Æ /api/ledger
Γö£ ╞Æ /api/materials
Γö£ ╞Æ /api/materials/[id]
Γö£ ╞Æ /api/measurements
Γö£ ╞Æ /api/products
Γö£ ╞Æ /api/purchases
Γö£ ╞Æ /api/purchases/[id]
Γö£ ╞Æ /api/users
Γö£ ╞Æ /dashboard
Γö£ ╞Æ /dashboard/account-categories
Γö£ Γùï /dashboard/banks
Γö£ ╞Æ /dashboard/bookings
Γö£ Γùï /dashboard/cash
Γö£ Γùï /dashboard/categories
Γö£ Γùï /dashboard/customers
Γö£ Γùï /dashboard/employees
Γö£ ╞Æ /dashboard/ledger
Γö£ Γùï /dashboard/materials
Γö£ ╞Æ /dashboard/measurements
Γö£ ╞Æ /dashboard/products
Γö£ Γùï /dashboard/purchases
Γö£ ╞Æ /dashboard/search
Γö£ ╞Æ /dashboard/stitching-orders
Γö£ Γùï /dashboard/users
Γö£ Γùï /login
Γöö Γùï /test


Γùï  (Static)   prerendered as static content
╞Æ  (Dynamic)  server-rendered on demand

